// Jest Snapshot v1, https://goo.gl/fbAQLP

exports[`styled 1`] = `
.c0 {
  margin: unset;
  padding: unset;
  border: unset;
  background: unset;
  font: unset;
  font-family: inherit;
  font-size: 100%;
  box-sizing: border-box;
  background-color: unset;
  color: inherit;
}

<button
  class="c0"
/>
`;
