// Jest Snapshot v1, https://goo.gl/fbAQLP

exports[`flattenSections 1`] = `
Array [
  Object {
    "name": "foo",
  },
  Object {
    "name": "bar",
    "sections": Array [
      Object {
        "name": "baz",
        "sections": Array [
          Object {
            "name": "qux",
          },
        ],
      },
      Object {
        "name": "quux",
        "sections": Array [
          Object {
            "name": "quuz",
          },
        ],
      },
    ],
  },
  Object {
    "name": "baz",
    "sections": Array [
      Object {
        "name": "qux",
      },
    ],
  },
  Object {
    "name": "qux",
  },
  Object {
    "name": "quux",
    "sections": Array [
      Object {
        "name": "quuz",
      },
    ],
  },
  Object {
    "name": "quuz",
  },
]
`;
