// Jest Snapshot v1, https://goo.gl/fbAQLP

exports[`styled 1`] = `
.c1 {
  margin: unset;
  padding: unset;
  border: unset;
  background: unset;
  font: unset;
  font-family: inherit;
  font-size: 100%;
  box-sizing: border-box;
  background-color: unset;
  color: inherit;
}

.c0 {
  color: transparent;
  font-size: 0;
  height: 2px;
  width: 100%;
}

[aria-orientation="horizontal"] > .c0 {
  height: unset;
  width: 2px;
}

<div
  class="c0 c1"
/>
`;
